Chronologic VCS simulator copyright 1991-2022
Contains Synopsys proprietary information.
Compiler version T-2022.06_Full64; Runtime version T-2022.06_Full64;  Aug 15 19:21 2026
IFETCH-BOUNDS [lightning]: text  [0x00400000, 0x00400cc4)  3268 bytes
IFETCH-BOUNDS [lightning]: ktext [0x80000000, 0x80000000)  0 bytes
"/afs/ece.cmu.edu/usr/daniello/Private/riscv-metaflow-lightning/rtl/mem/cache_controller2.sv", 180: top.RISCV_Core_interface.tony_d.unnamed$$_0: started at 0s failed at 0s
	Offending '(~(core_req_re & core_req_we))'
uh oh we can't be doing that (re & we asserted same cycle)

IFETCH-OOB [lightning]: cycle 1: I$ read asserted with an unknown address (0xxxxxxxxx).

Warning-[RT-NCMUCS] No condition matches in statement
/afs/ece.cmu.edu/usr/daniello/Private/riscv-metaflow-lightning/rtl/mem/cache3.sv, 240
  No condition matches in 'unique case' statement. 'default' specification is 
  missing, inside top.RISCV_Core_interface.tony_d.craching_out.fsm_logic, at 
  time 0s.


Warning-[RT-NCMUCS] No condition matches in statement
/afs/ece.cmu.edu/usr/daniello/Private/riscv-metaflow-lightning/rtl/mem/cache3.sv, 240
  No condition matches in 'unique case' statement. 'default' specification is 
  missing, inside top.RISCV_Core_interface.tony.craching_out.fsm_logic, at 
  time 0s.


Warning-[RT-NCMUCS] No condition matches in statement
/afs/ece.cmu.edu/usr/daniello/Private/riscv-metaflow-lightning/rtl/mem/cache3.sv, 240
  No condition matches in 'unique case' statement. 'default' specification is 
  missing, inside top.RISCV_Core_interface.tony_d.craching_out.fsm_logic, at 
  time 0s.


Warning-[RT-NCMUCS] No condition matches in statement
/afs/ece.cmu.edu/usr/daniello/Private/riscv-metaflow-lightning/rtl/mem/cache3.sv, 240
  No condition matches in 'unique case' statement. 'default' specification is 
  missing, inside top.RISCV_Core_interface.tony.craching_out.fsm_logic, at 
  time 0s.


Warning-[RT-NCMUCS] No condition matches in statement
/afs/ece.cmu.edu/usr/daniello/Private/riscv-metaflow-lightning/rtl/mem/cache3.sv, 240
  No condition matches in 'unique case' statement. 'default' specification is 
  missing, inside top.RISCV_Core_interface.tony_d.craching_out.fsm_logic, at 
  time 0s.


Warning-[RT-NCMUCS] No condition matches in statement
/afs/ece.cmu.edu/usr/daniello/Private/riscv-metaflow-lightning/rtl/mem/cache3.sv, 240
  No condition matches in 'unique case' statement. 'default' specification is 
  missing, inside top.RISCV_Core_interface.tony.craching_out.fsm_logic, at 
  time 0s.


Warning-[RT-NCMUCS] No condition matches in statement
/afs/ece.cmu.edu/usr/daniello/Private/riscv-metaflow-lightning/rtl/mem/cache3.sv, 240
  No condition matches in 'unique case' statement. 'default' specification is 
  missing, inside top.RISCV_Core_interface.tony_d.craching_out.fsm_logic, at 
  time 0s.


Warning-[RT-NCMUCS] No condition matches in statement
/afs/ece.cmu.edu/usr/daniello/Private/riscv-metaflow-lightning/rtl/mem/cache3.sv, 240
  No condition matches in 'unique case' statement. 'default' specification is 
  missing, inside cache_controller_ref.craching_out.fsm_logic, at time 0s.


Warning-[RT-NCMUCS] No condition matches in statement
/afs/ece.cmu.edu/usr/daniello/Private/riscv-metaflow-lightning/rtl/mem/cache3.sv, 240
  No condition matches in 'unique case' statement. 'default' specification is 
  missing, inside top.RISCV_Core_interface.tony.craching_out.fsm_logic, at 
  time 0s.


Warning-[RT-NCMUCS] No condition matches in statement
/afs/ece.cmu.edu/usr/daniello/Private/riscv-metaflow-lightning/rtl/mem/cache3.sv, 240
  No condition matches in 'unique case' statement. 'default' specification is 
  missing, inside top.RISCV_Core_interface.tony_d.craching_out.fsm_logic, at 
  time 0s.


Warning-[RT-NCMUCS] No condition matches in statement
/afs/ece.cmu.edu/usr/daniello/Private/riscv-metaflow-lightning/rtl/mem/cache3.sv, 240
  No condition matches in 'unique case' statement. 'default' specification is 
  missing, inside cache_controller_ref.craching_out.fsm_logic, at time 0s.

		 PERFORMANCE METRICS (Lightning OoO):
	 total cycles:              9924185
	 instructions retired:      4889053
	 instructions fetched:      5591435
	 fetch groups accepted:     1788419
	 IPC:                       0.493
	 CPI:                       2.030
	 speculation tax (fetched/retired): 1.144
	 Front end:
	  intake stall cycles:      3487156
	   DRIS full:               3487156
	   branch shelf full:       0
	  flush cycles:             118044
	  mispredict redirects:     130053
	  cycles with no retire:    6869497
	 Non-Control Flow Types (at retirement):
	  ALU:    1594283
	  Loads:  2092558
	  Stores: 590139
	  Control transfers: 612072
	 Branches (resolved at the shelf):
	  resolved:      656109
	  mispredicted:  140061
	   of which squashed by an older flush: 10008
	  mispredict rate: 0.213
	 Retires per cycle:
	  avg: 0.493  (max 7/cycle)
	    [0]: 6869497
	    [1]: 2210608
	    [2]: 336022
	    [3]: 355995
	    [4]: 32009
	    [5]: 14000
	    [6]: 1999
	    [7]: 104055
	 DRIS utilization (of 32 entries, valid-entry count):
	  avg: 16.535  max: 32  cycles at capacity: 378058
	   (intake blocks before this — see "DRIS full" under Front end for the actionable number)
	 Branch shelf utilization (of 8 entries):
	  avg: 1.566  max: 8  cycles full: 3
	 Scheduler utilization:
	  integer slots used/cycle: 0.544 of 4 (13.6%)
	   (includes AGU passes: a load/store occupies an integer slot for its address before its memory pass)
	    [0]: 6475447
	    [1]: 2108424
	    [2]: 916130
	    [3]: 238048
	    [4]: 186136
	  memory issues/cycle:      0.275 of 1
	 Cache Counters:
	  I$ evictions: 387960 | hits: 2596488 | misses: 448077
	  D$ evictions: 0 | hits: 2726694 | misses: 36
	  I$ accesses:  9924149 | D$ accesses: 36
	   (accesses = main-memory port arbitration cycles, not cache probes; see hits/misses above)
	  I$/D$ conflicts: 1

18-447 Register File Dump at Cycle 9924187 (time 992418600), Mem Accesses: 434109
---------------------------------------------

Current CPU State and Register Values:
--------------------------------------
Cycle Count          = 9924187
Program Counter (PC) = 0xxxxxxxxx

ISA Name ABI Name   Hex Value  Uint Value   Int Value    
---------------------------------------------------------
x0       (zero)   = 0x00000000 (0)          (0)          
x1       (ra)     = 0x00400004 (4194308)    (4194308)    
x2       (sp)     = 0x00000000 (0)          (0)          
x3       (gp)     = 0x00000002 (2)          (2)          
x4       (tp)     = 0x00000000 (0)          (0)          
x5       (t0)     = 0x00000000 (0)          (0)          
x6       (t1)     = 0x00000000 (0)          (0)          
x7       (t2)     = 0x00000000 (0)          (0)          
x8       (s0/fp)  = 0x00000000 (0)          (0)          
x9       (s1)     = 0x00000000 (0)          (0)          
x10      (a0)     = 0x0000000a (10)         (10)         
x11      (a1)     = 0x00000002 (2)          (2)          
x12      (a2)     = 0x00000003 (3)          (3)          
x13      (a3)     = 0x00000000 (0)          (0)          
x14      (a4)     = 0x000007d1 (2001)       (2001)       
x15      (a5)     = 0x00000000 (0)          (0)          
x16      (a6)     = 0x00000000 (0)          (0)          
x17      (a7)     = 0x00000000 (0)          (0)          
x18      (s2)     = 0x00000000 (0)          (0)          
x19      (s3)     = 0x00000000 (0)          (0)          
x20      (s4)     = 0x00000000 (0)          (0)          
x21      (s5)     = 0x00000000 (0)          (0)          
x22      (s6)     = 0x00000000 (0)          (0)          
x23      (s7)     = 0x00000000 (0)          (0)          
x24      (s8)     = 0x00000000 (0)          (0)          
x25      (s9)     = 0x00000000 (0)          (0)          
x26      (s10)    = 0x00000000 (0)          (0)          
x27      (s11)    = 0x00000000 (0)          (0)          
x28      (t3)     = 0x00000000 (0)          (0)          
x29      (t4)     = 0x00000000 (0)          (0)          
x30      (t5)     = 0x00000000 (0)          (0)          
x31      (t6)     = 0x00000000 (0)          (0)          
 
$finish called from file "/afs/ece.cmu.edu/usr/daniello/Private/riscv-metaflow-lightning/tb/testbench.sv", line 183.
		 I-FETCH BOUNDS (lightning):
	 I$ read requests:          6437031
	  in-bounds footprint:      0x00400000 .. 0x00400be0
	  out-of-bounds requests:   0  (0 distinct addresses)
	  unknown-address requests: 1
$finish at simulation time            992418600
           V C S   S i m u l a t i o n   R e p o r t 
Time: 992418600
CPU Time:    141.410 seconds;       Data structure size:  10.2Mb
Sat Aug 15 19:23:31 2026
