
Note-[SV-LCM-PPWI] Package previously wildcard imported
/afs/ece.cmu.edu/usr/daniello/Private/riscv-metaflow-lightning/rtl/core/riscv_core.sv, 32
$unit
  Package 'internal_defines_pkg' already wildcard imported. 
  Ignoring internal_defines_pkg::*
  See the SystemVerilog LRM(1800-2005), section 19.2.1.


Note-[SV-LCM-PPWI] Package previously wildcard imported
/afs/ece.cmu.edu/usr/daniello/Private/riscv-metaflow-lightning/rtl/core/riscv_decode.sv, 27
$unit
  Package 'internal_defines_pkg' already wildcard imported. 
  Ignoring internal_defines_pkg::*
  See the SystemVerilog LRM(1800-2005), section 19.2.1.


Note-[SV-LCM-PPWI] Package previously wildcard imported
/afs/ece.cmu.edu/usr/daniello/Private/riscv-metaflow-lightning/rtl/ooo/BranchShelf.sv, 2
$unit
  Package 'RISCV_ISA' already wildcard imported. 
  Ignoring RISCV_ISA::*
  See the SystemVerilog LRM(1800-2005), section 19.2.1.


Note-[SV-LCM-PPWI] Package previously wildcard imported
/afs/ece.cmu.edu/usr/daniello/Private/riscv-metaflow-lightning/rtl/ooo/BranchShelf.sv, 3
$unit
  Package 'RISCV_UArch' already wildcard imported. 
  Ignoring RISCV_UArch::*
  See the SystemVerilog LRM(1800-2005), section 19.2.1.


Note-[SV-LCM-PPWI] Package previously wildcard imported
/afs/ece.cmu.edu/usr/daniello/Private/riscv-metaflow-lightning/rtl/ooo/BranchShelf.sv, 4
$unit
  Package 'internal_defines_pkg' already wildcard imported. 
  Ignoring internal_defines_pkg::*
  See the SystemVerilog LRM(1800-2005), section 19.2.1.


Note-[SV-LCM-PPWI] Package previously wildcard imported
/afs/ece.cmu.edu/usr/daniello/Private/riscv-metaflow-lightning/rtl/ooo/DRIS.sv, 3
$unit
  Package 'DRIS_defs' already wildcard imported. 
  Ignoring DRIS_defs::*
  See the SystemVerilog LRM(1800-2005), section 19.2.1.


Note-[SV-LCM-PPWI] Package previously wildcard imported
/afs/ece.cmu.edu/usr/daniello/Private/riscv-metaflow-lightning/rtl/ooo/DRIS.sv, 4
$unit
  Package 'RISCV_ISA' already wildcard imported. 
  Ignoring RISCV_ISA::*
  See the SystemVerilog LRM(1800-2005), section 19.2.1.


Note-[SV-LCM-PPWI] Package previously wildcard imported
/afs/ece.cmu.edu/usr/daniello/Private/riscv-metaflow-lightning/rtl/ooo/DRIS.sv, 5
$unit
  Package 'RISCV_UArch' already wildcard imported. 
  Ignoring RISCV_UArch::*
  See the SystemVerilog LRM(1800-2005), section 19.2.1.


Note-[SV-LCM-PPWI] Package previously wildcard imported
/afs/ece.cmu.edu/usr/daniello/Private/riscv-metaflow-lightning/rtl/ooo/DRIS.sv, 6
$unit
  Package 'internal_defines_pkg' already wildcard imported. 
  Ignoring internal_defines_pkg::*
  See the SystemVerilog LRM(1800-2005), section 19.2.1.


Note-[SV-LCM-PPWI] Package previously wildcard imported
/afs/ece.cmu.edu/usr/daniello/Private/riscv-metaflow-lightning/rtl/ooo/InstructionIssueUnit.sv, 1
$unit
  Package 'DRIS_defs' already wildcard imported. 
  Ignoring DRIS_defs::*
  See the SystemVerilog LRM(1800-2005), section 19.2.1.


Note-[SV-LCM-PPWI] Package previously wildcard imported
/afs/ece.cmu.edu/usr/daniello/Private/riscv-metaflow-lightning/rtl/ooo/InstructionIssueUnit.sv, 2
$unit
  Package 'RISCV_ISA' already wildcard imported. 
  Ignoring RISCV_ISA::*
  See the SystemVerilog LRM(1800-2005), section 19.2.1.


Note-[SV-LCM-PPWI] Package previously wildcard imported
/afs/ece.cmu.edu/usr/daniello/Private/riscv-metaflow-lightning/rtl/ooo/InstructionIssueUnit.sv, 3
$unit
  Package 'RISCV_UArch' already wildcard imported. 
  Ignoring RISCV_UArch::*
  See the SystemVerilog LRM(1800-2005), section 19.2.1.


Note-[SV-LCM-PPWI] Package previously wildcard imported
/afs/ece.cmu.edu/usr/daniello/Private/riscv-metaflow-lightning/rtl/ooo/InstructionIssueUnit.sv, 4
$unit
  Package 'internal_defines_pkg' already wildcard imported. 
  Ignoring internal_defines_pkg::*
  See the SystemVerilog LRM(1800-2005), section 19.2.1.


Note-[SV-LCM-PPWI] Package previously wildcard imported
/afs/ece.cmu.edu/usr/daniello/Private/riscv-metaflow-lightning/rtl/ooo/LightningCore.sv, 26
$unit
  Package 'DRIS_defs' already wildcard imported. 
  Ignoring DRIS_defs::*
  See the SystemVerilog LRM(1800-2005), section 19.2.1.


Note-[SV-LCM-PPWI] Package previously wildcard imported
/afs/ece.cmu.edu/usr/daniello/Private/riscv-metaflow-lightning/rtl/ooo/LightningCore.sv, 27
$unit
  Package 'RISCV_ISA' already wildcard imported. 
  Ignoring RISCV_ISA::*
  See the SystemVerilog LRM(1800-2005), section 19.2.1.


Note-[SV-LCM-PPWI] Package previously wildcard imported
/afs/ece.cmu.edu/usr/daniello/Private/riscv-metaflow-lightning/rtl/ooo/LightningCore.sv, 28
$unit
  Package 'RISCV_UArch' already wildcard imported. 
  Ignoring RISCV_UArch::*
  See the SystemVerilog LRM(1800-2005), section 19.2.1.


Note-[SV-LCM-PPWI] Package previously wildcard imported
/afs/ece.cmu.edu/usr/daniello/Private/riscv-metaflow-lightning/rtl/ooo/LightningCore.sv, 29
$unit
  Package 'internal_defines_pkg' already wildcard imported. 
  Ignoring internal_defines_pkg::*
  See the SystemVerilog LRM(1800-2005), section 19.2.1.


Note-[SV-LCM-PPWI] Package previously wildcard imported
/afs/ece.cmu.edu/usr/daniello/Private/riscv-metaflow-lightning/rtl/ooo/MemoryScheduler.sv, 4
$unit
  Package 'DRIS_defs' already wildcard imported. 
  Ignoring DRIS_defs::*
  See the SystemVerilog LRM(1800-2005), section 19.2.1.


Note-[SV-LCM-PPWI] Package previously wildcard imported
/afs/ece.cmu.edu/usr/daniello/Private/riscv-metaflow-lightning/rtl/ooo/MemoryScheduler.sv, 5
$unit
  Package 'RISCV_ISA' already wildcard imported. 
  Ignoring RISCV_ISA::*
  See the SystemVerilog LRM(1800-2005), section 19.2.1.


Note-[SV-LCM-PPWI] Package previously wildcard imported
/afs/ece.cmu.edu/usr/daniello/Private/riscv-metaflow-lightning/rtl/ooo/MemoryScheduler.sv, 6
$unit
  Package 'RISCV_UArch' already wildcard imported. 
  Ignoring RISCV_UArch::*
  See the SystemVerilog LRM(1800-2005), section 19.2.1.


Note-[SV-LCM-PPWI] Package previously wildcard imported
/afs/ece.cmu.edu/usr/daniello/Private/riscv-metaflow-lightning/rtl/ooo/MemoryScheduler.sv, 7
$unit
  Package 'internal_defines_pkg' already wildcard imported. 
  Ignoring internal_defines_pkg::*
  See the SystemVerilog LRM(1800-2005), section 19.2.1.


Note-[SV-LCM-PPWI] Package previously wildcard imported
/afs/ece.cmu.edu/usr/daniello/Private/riscv-metaflow-lightning/rtl/ooo/SaneStateController.sv, 3
$unit
  Package 'DRIS_defs' already wildcard imported. 
  Ignoring DRIS_defs::*
  See the SystemVerilog LRM(1800-2005), section 19.2.1.


Note-[SV-LCM-PPWI] Package previously wildcard imported
/afs/ece.cmu.edu/usr/daniello/Private/riscv-metaflow-lightning/rtl/ooo/SaneStateController.sv, 4
$unit
  Package 'RISCV_ISA' already wildcard imported. 
  Ignoring RISCV_ISA::*
  See the SystemVerilog LRM(1800-2005), section 19.2.1.


Note-[SV-LCM-PPWI] Package previously wildcard imported
/afs/ece.cmu.edu/usr/daniello/Private/riscv-metaflow-lightning/rtl/ooo/SaneStateController.sv, 5
$unit
  Package 'RISCV_UArch' already wildcard imported. 
  Ignoring RISCV_UArch::*
  See the SystemVerilog LRM(1800-2005), section 19.2.1.


Note-[SV-LCM-PPWI] Package previously wildcard imported
/afs/ece.cmu.edu/usr/daniello/Private/riscv-metaflow-lightning/rtl/ooo/SaneStateController.sv, 6
$unit
  Package 'internal_defines_pkg' already wildcard imported. 
  Ignoring internal_defines_pkg::*
  See the SystemVerilog LRM(1800-2005), section 19.2.1.


Note-[SV-LCM-PPWI] Package previously wildcard imported
/afs/ece.cmu.edu/usr/daniello/Private/riscv-metaflow-lightning/rtl/ooo/Scheduler.sv, 3
$unit
  Package 'DRIS_defs' already wildcard imported. 
  Ignoring DRIS_defs::*
  See the SystemVerilog LRM(1800-2005), section 19.2.1.


Note-[SV-LCM-PPWI] Package previously wildcard imported
/afs/ece.cmu.edu/usr/daniello/Private/riscv-metaflow-lightning/rtl/ooo/Scheduler.sv, 4
$unit
  Package 'RISCV_ISA' already wildcard imported. 
  Ignoring RISCV_ISA::*
  See the SystemVerilog LRM(1800-2005), section 19.2.1.


Note-[SV-LCM-PPWI] Package previously wildcard imported
/afs/ece.cmu.edu/usr/daniello/Private/riscv-metaflow-lightning/rtl/ooo/Scheduler.sv, 5
$unit
  Package 'RISCV_UArch' already wildcard imported. 
  Ignoring RISCV_UArch::*
  See the SystemVerilog LRM(1800-2005), section 19.2.1.


Note-[SV-LCM-PPWI] Package previously wildcard imported
/afs/ece.cmu.edu/usr/daniello/Private/riscv-metaflow-lightning/rtl/ooo/Scheduler.sv, 6
$unit
  Package 'internal_defines_pkg' already wildcard imported. 
  Ignoring internal_defines_pkg::*
  See the SystemVerilog LRM(1800-2005), section 19.2.1.


Note-[SV-LCM-PPWI] Package previously wildcard imported
/afs/ece.cmu.edu/usr/daniello/Private/riscv-metaflow-lightning/rtl/mem/cache3.sv, 1
$unit
  Package 'internal_defines_pkg' already wildcard imported. 
  Ignoring internal_defines_pkg::*
  See the SystemVerilog LRM(1800-2005), section 19.2.1.


Note-[SV-LCM-PPWI] Package previously wildcard imported
/afs/ece.cmu.edu/usr/daniello/Private/riscv-metaflow-lightning/rtl/mem/cache_controller2.sv, 45
$unit
  Package 'DRIS_defs' already wildcard imported. 
  Ignoring DRIS_defs::*
  See the SystemVerilog LRM(1800-2005), section 19.2.1.


Note-[SV-LCM-PPWI] Package previously wildcard imported
/afs/ece.cmu.edu/usr/daniello/Private/riscv-metaflow-lightning/rtl/mem/cache_controller2.sv, 46
$unit
  Package 'RISCV_ISA' already wildcard imported. 
  Ignoring RISCV_ISA::*
  See the SystemVerilog LRM(1800-2005), section 19.2.1.


Note-[SV-LCM-PPWI] Package previously wildcard imported
/afs/ece.cmu.edu/usr/daniello/Private/riscv-metaflow-lightning/rtl/mem/cache_controller2.sv, 47
$unit
  Package 'RISCV_UArch' already wildcard imported. 
  Ignoring RISCV_UArch::*
  See the SystemVerilog LRM(1800-2005), section 19.2.1.


Note-[SV-LCM-PPWI] Package previously wildcard imported
/afs/ece.cmu.edu/usr/daniello/Private/riscv-metaflow-lightning/rtl/mem/cache_controller2.sv, 48
$unit
  Package 'internal_defines_pkg' already wildcard imported. 
  Ignoring internal_defines_pkg::*
  See the SystemVerilog LRM(1800-2005), section 19.2.1.


Note-[SV-LCM-PPWI] Package previously wildcard imported
/afs/ece.cmu.edu/usr/daniello/Private/riscv-metaflow-lightning/rtl/mem/riscv_core_interface.sv, 7
$unit
  Package 'internal_defines_pkg' already wildcard imported. 
  Ignoring internal_defines_pkg::*
  See the SystemVerilog LRM(1800-2005), section 19.2.1.


Lint-[TFIPC-L] Too few instance port connections
/afs/ece.cmu.edu/usr/daniello/Private/riscv-metaflow-lightning/rtl/core/riscv_core.sv, 380
riscv_core, "riscv_decode Decoder( .instr (instr_D_mux),  .ctrl_signals (ctrl_signals_D),  .rst_l (rst_l));"
  The above instance has fewer port connections than the module definition,
  There are 6 port(s) in module "riscv_decode" definition, but only 3 port 
  connect(s) in the instance.
  output port 'rd' is not connected,
  output port 'rs1' is not connected,
  output port 'rs2' is not connected.


Lint-[TFIPC-L] Too few instance port connections
/afs/ece.cmu.edu/usr/daniello/Private/riscv-metaflow-lightning/tb/testbench.sv, 102
top, "riscv_core_interface RISCV_Core_interface( .clk (clk),  .rst_l (rst_l),  .mem_data_load (mem_load_data),  .mem_data_addr (mem_req_addr),  .mem_data_load_valid (mem_resp_valid),  .mem_excpt (mem_excpt),  .mem_data_load_en (mem_load_en),  .halted (halted),  .mem_data_store_mask (mem_store_mask),  .mem_data_store (mem_store_data),  .mem_data_load_addr (mem_resp_addr),  .commit_pkts (commit_pkts));"
  The above instance has fewer port connections than the module definition,
  There are 13 port(s) in module "riscv_core_interface" definition, but only 
  12 port connect(s) in the instance.
  output port 'mem_data_stall' is not connected.


Lint-[UI] Unused input
/afs/ece.cmu.edu/usr/daniello/Private/riscv-metaflow-lightning/rtl/core/lib.sv, 249
  Following is an unused input.
  Source info: correct_branch_prediction


Warning-[ENUMASSIGN] Illegal assignment to enum variable
/afs/ece.cmu.edu/usr/daniello/Private/riscv-metaflow-lightning/rtl/ooo/DRIS.sv, 78
DRIS, "dris_entries <= '{default:'0};"
  Only expressions of the enum type can be assigned to an enum variable. 
  The type bit [0:0] is incompatible with the enum 'imm_mode_t'
  Expression: '0
  Use the static cast operator to convert the expression to enum type.


Warning-[ENUMASSIGN] Illegal assignment to enum variable
/afs/ece.cmu.edu/usr/daniello/Private/riscv-metaflow-lightning/rtl/ooo/DRIS.sv, 78
DRIS, "dris_entries <= '{default:'0};"
  Only expressions of the enum type can be assigned to an enum variable. 
  The type bit [0:0] is incompatible with the enum 'alu_op_t'
  Expression: '0
  Use the static cast operator to convert the expression to enum type.


Warning-[ENUMASSIGN] Illegal assignment to enum variable
/afs/ece.cmu.edu/usr/daniello/Private/riscv-metaflow-lightning/rtl/ooo/DRIS.sv, 78
DRIS, "dris_entries <= '{default:'0};"
  Only expressions of the enum type can be assigned to an enum variable. 
  The type bit [0:0] is incompatible with the enum 'ldst_mode_t'
  Expression: '0
  Use the static cast operator to convert the expression to enum type.


Warning-[ENUMASSIGN] Illegal assignment to enum variable
/afs/ece.cmu.edu/usr/daniello/Private/riscv-metaflow-lightning/rtl/ooo/DRIS.sv, 78
DRIS, "dris_entries <= '{default:'0};"
  Only expressions of the enum type can be assigned to an enum variable. 
  The type bit [0:0] is incompatible with the enum 'pc_source_t'
  Expression: '0
  Use the static cast operator to convert the expression to enum type.


Lint-[UI] Unused input
/afs/ece.cmu.edu/usr/daniello/Private/riscv-metaflow-lightning/rtl/mem/cache3.sv, 516
  Following is an unused input.
  Source info: current_metadata


Lint-[UI] Unused input
/afs/ece.cmu.edu/usr/daniello/Private/riscv-metaflow-lightning/rtl/mem/cache3.sv, 517
  Following is an unused input.
  Source info: update_index


Lint-[UI] Unused input
/afs/ece.cmu.edu/usr/daniello/Private/riscv-metaflow-lightning/rtl/mem/cache3.sv, 522
  Following is an unused input.
  Source info: current_metadata


Lint-[UI] Unused input
/afs/ece.cmu.edu/usr/daniello/Private/riscv-metaflow-lightning/rtl/mem/cache3.sv, 582
  Following is an unused input.
  Source info: current_metadata


Lint-[PCWM-L] Port connection width mismatch
/afs/ece.cmu.edu/usr/daniello/Private/riscv-metaflow-lightning/rtl/mem/riscv_core_interface.sv, 226
"cache_controller2 #($unit::INSTR_CACHE_INDEX_BITS, $unit::INSTR_CACHE_BLOCK_OFFSET_BITS, $unit::INSTR_CACHE_BLOCK_SIZE, $unit::INSTR_CACHE_WAYS, $unit::WORD_SIZE, FETCH_WORDS, $unit::ADDRESS_SIZE, $unit::INSTR_CACHE_POLICY, ) tony( .core_req_we (core_req_we_i),  .core_req_re (core_req_re_i),  .core_req_addr (core_req_addr_i),  .core_req_store_mask (core_req_store_mask_i),  .core_req_store_data (core_req_store_data_i),  .core_req_cancel (core_req_cancel_i),  .core_req_stall_mem (core_req_stall_mem_i),  .core_req_id (6'h0f),  .core_req_ctrl_signals ('b0),  .core_rsp_addr (core_rsp_addr_i),  .core_rsp_data (core_rsp_data_i),  .core_rsp_data_valid (core_rsp_data_valid_i),  .core_rsp_ready (core_rsp_ready_i),  .core_rsp_excpt (core_rsp_excpt_i),  .mem_rsp_da ... "
  The following 6-bit expression is connected to 7-bit port "core_req_id" of 
  module "cache_controller2", instance "tony".
  Expression: 6'h0f
  The expression is from module riscv_core_interface, instance 
  RISCV_Core_interface 


Lint-[PCWM-L] Port connection width mismatch
/afs/ece.cmu.edu/usr/daniello/Private/riscv-metaflow-lightning/rtl/mem/riscv_core_interface.sv, 226
"cache_controller2 #($unit::INSTR_CACHE_INDEX_BITS, $unit::INSTR_CACHE_BLOCK_OFFSET_BITS, $unit::INSTR_CACHE_BLOCK_SIZE, $unit::INSTR_CACHE_WAYS, $unit::WORD_SIZE, FETCH_WORDS, $unit::ADDRESS_SIZE, $unit::INSTR_CACHE_POLICY, ) tony( .core_req_we (core_req_we_i),  .core_req_re (core_req_re_i),  .core_req_addr (core_req_addr_i),  .core_req_store_mask (core_req_store_mask_i),  .core_req_store_data (core_req_store_data_i),  .core_req_cancel (core_req_cancel_i),  .core_req_stall_mem (core_req_stall_mem_i),  .core_req_id (6'h0f),  .core_req_ctrl_signals ('b0),  .core_rsp_addr (core_rsp_addr_i),  .core_rsp_data (core_rsp_data_i),  .core_rsp_data_valid (core_rsp_data_valid_i),  .core_rsp_ready (core_rsp_ready_i),  .core_rsp_excpt (core_rsp_excpt_i),  .mem_rsp_da ... "
  The following 32-bit expression is connected to 29-bit port 
  "core_req_ctrl_signals" of module "cache_controller2", instance "tony".
  Expression: 'b0
  The expression is from module riscv_core_interface, instance 
  RISCV_Core_interface 


Lint-[UI] Unused input
/afs/ece.cmu.edu/usr/daniello/Private/riscv-metaflow-lightning/rtl/ooo/LightningCore.sv, 123
  Following is an unused input.
  Source info: core_rsp_addr_d


Lint-[UI] Unused input
/afs/ece.cmu.edu/usr/daniello/Private/riscv-metaflow-lightning/rtl/ooo/LightningCore.sv, 126
  Following is an unused input.
  Source info: core_rsp_excpt_d


Warning-[ENUMASSIGN] Illegal assignment to enum variable
/afs/ece.cmu.edu/usr/daniello/Private/riscv-metaflow-lightning/rtl/ooo/LightningCore.sv, 414
LightningCore, "issue_pkts_reg <= '{default:'0};"
  Only expressions of the enum type can be assigned to an enum variable. 
  The type bit [0:0] is incompatible with the enum 'imm_mode_t'
  Expression: '0
  Use the static cast operator to convert the expression to enum type.


Warning-[ENUMASSIGN] Illegal assignment to enum variable
/afs/ece.cmu.edu/usr/daniello/Private/riscv-metaflow-lightning/rtl/ooo/LightningCore.sv, 414
LightningCore, "issue_pkts_reg <= '{default:'0};"
  Only expressions of the enum type can be assigned to an enum variable. 
  The type bit [0:0] is incompatible with the enum 'alu_op_t'
  Expression: '0
  Use the static cast operator to convert the expression to enum type.


Warning-[ENUMASSIGN] Illegal assignment to enum variable
/afs/ece.cmu.edu/usr/daniello/Private/riscv-metaflow-lightning/rtl/ooo/LightningCore.sv, 414
LightningCore, "issue_pkts_reg <= '{default:'0};"
  Only expressions of the enum type can be assigned to an enum variable. 
  The type bit [0:0] is incompatible with the enum 'ldst_mode_t'
  Expression: '0
  Use the static cast operator to convert the expression to enum type.


Warning-[ENUMASSIGN] Illegal assignment to enum variable
/afs/ece.cmu.edu/usr/daniello/Private/riscv-metaflow-lightning/rtl/ooo/LightningCore.sv, 414
LightningCore, "issue_pkts_reg <= '{default:'0};"
  Only expressions of the enum type can be assigned to an enum variable. 
  The type bit [0:0] is incompatible with the enum 'pc_source_t'
  Expression: '0
  Use the static cast operator to convert the expression to enum type.


Lint-[UI] Unused input
/afs/ece.cmu.edu/usr/daniello/Private/riscv-metaflow-lightning/rtl/ooo/InstructionIssueUnit.sv, 98
  Following is an unused input.
  Source info: core_rsp_excpt


Lint-[UI] Unused input
/afs/ece.cmu.edu/usr/daniello/Private/riscv-metaflow-lightning/rtl/ooo/Scheduler.sv, 14
  Following is an unused input.
  Source info: clock


Lint-[UI] Unused input
/afs/ece.cmu.edu/usr/daniello/Private/riscv-metaflow-lightning/rtl/ooo/Scheduler.sv, 14
  Following is an unused input.
  Source info: reset_n


Warning-[ENUMASSIGN] Illegal assignment to enum variable
/afs/ece.cmu.edu/usr/daniello/Private/riscv-metaflow-lightning/rtl/ooo/Scheduler.sv, 165
Scheduler, "issue_pkts = '{default:'0};"
  Only expressions of the enum type can be assigned to an enum variable. 
  The type bit [0:0] is incompatible with the enum 'imm_mode_t'
  Expression: '0
  Use the static cast operator to convert the expression to enum type.


Warning-[ENUMASSIGN] Illegal assignment to enum variable
/afs/ece.cmu.edu/usr/daniello/Private/riscv-metaflow-lightning/rtl/ooo/Scheduler.sv, 165
Scheduler, "issue_pkts = '{default:'0};"
  Only expressions of the enum type can be assigned to an enum variable. 
  The type bit [0:0] is incompatible with the enum 'alu_op_t'
  Expression: '0
  Use the static cast operator to convert the expression to enum type.


Warning-[ENUMASSIGN] Illegal assignment to enum variable
/afs/ece.cmu.edu/usr/daniello/Private/riscv-metaflow-lightning/rtl/ooo/Scheduler.sv, 165
Scheduler, "issue_pkts = '{default:'0};"
  Only expressions of the enum type can be assigned to an enum variable. 
  The type bit [0:0] is incompatible with the enum 'ldst_mode_t'
  Expression: '0
  Use the static cast operator to convert the expression to enum type.


Warning-[ENUMASSIGN] Illegal assignment to enum variable
/afs/ece.cmu.edu/usr/daniello/Private/riscv-metaflow-lightning/rtl/ooo/Scheduler.sv, 165
Scheduler, "issue_pkts = '{default:'0};"
  Only expressions of the enum type can be assigned to an enum variable. 
  The type bit [0:0] is incompatible with the enum 'pc_source_t'
  Expression: '0
  Use the static cast operator to convert the expression to enum type.


Lint-[UI] Unused input
/afs/ece.cmu.edu/usr/daniello/Private/riscv-metaflow-lightning/rtl/ooo/MemoryScheduler.sv, 19
  Following is an unused input.
  Source info: clock


Lint-[UI] Unused input
/afs/ece.cmu.edu/usr/daniello/Private/riscv-metaflow-lightning/rtl/ooo/MemoryScheduler.sv, 19
  Following is an unused input.
  Source info: reset_n


Lint-[UI] Unused input
/afs/ece.cmu.edu/usr/daniello/Private/riscv-metaflow-lightning/rtl/ooo/MemoryScheduler.sv, 44
  Following is an unused input.
  Source info: rs1_data


Warning-[ENUMASSIGN] Illegal assignment to enum variable
/afs/ece.cmu.edu/usr/daniello/Private/riscv-metaflow-lightning/rtl/ooo/MemoryScheduler.sv, 164
MemoryScheduler, "mem_issue_pkts = '{default:'0};"
  Only expressions of the enum type can be assigned to an enum variable. 
  The type bit [0:0] is incompatible with the enum 'imm_mode_t'
  Expression: '0
  Use the static cast operator to convert the expression to enum type.


Warning-[ENUMASSIGN] Illegal assignment to enum variable
/afs/ece.cmu.edu/usr/daniello/Private/riscv-metaflow-lightning/rtl/ooo/MemoryScheduler.sv, 164
MemoryScheduler, "mem_issue_pkts = '{default:'0};"
  Only expressions of the enum type can be assigned to an enum variable. 
  The type bit [0:0] is incompatible with the enum 'alu_op_t'
  Expression: '0
  Use the static cast operator to convert the expression to enum type.


Warning-[ENUMASSIGN] Illegal assignment to enum variable
/afs/ece.cmu.edu/usr/daniello/Private/riscv-metaflow-lightning/rtl/ooo/MemoryScheduler.sv, 164
MemoryScheduler, "mem_issue_pkts = '{default:'0};"
  Only expressions of the enum type can be assigned to an enum variable. 
  The type bit [0:0] is incompatible with the enum 'ldst_mode_t'
  Expression: '0
  Use the static cast operator to convert the expression to enum type.


Warning-[ENUMASSIGN] Illegal assignment to enum variable
/afs/ece.cmu.edu/usr/daniello/Private/riscv-metaflow-lightning/rtl/ooo/MemoryScheduler.sv, 164
MemoryScheduler, "mem_issue_pkts = '{default:'0};"
  Only expressions of the enum type can be assigned to an enum variable. 
  The type bit [0:0] is incompatible with the enum 'pc_source_t'
  Expression: '0
  Use the static cast operator to convert the expression to enum type.


Lint-[UI] Unused input
/afs/ece.cmu.edu/usr/daniello/Private/riscv-metaflow-lightning/rtl/mem/cache3.sv, 516
  Following is an unused input.
  Source info: current_metadata


Lint-[UI] Unused input
/afs/ece.cmu.edu/usr/daniello/Private/riscv-metaflow-lightning/rtl/mem/cache3.sv, 517
  Following is an unused input.
  Source info: update_index


Lint-[UI] Unused input
/afs/ece.cmu.edu/usr/daniello/Private/riscv-metaflow-lightning/rtl/mem/cache3.sv, 522
  Following is an unused input.
  Source info: current_metadata


Lint-[UI] Unused input
/afs/ece.cmu.edu/usr/daniello/Private/riscv-metaflow-lightning/rtl/mem/cache3.sv, 582
  Following is an unused input.
  Source info: current_metadata


Lint-[UI] Unused input
/afs/ece.cmu.edu/usr/daniello/Private/riscv-metaflow-lightning/rtl/mem/cache3.sv, 516
  Following is an unused input.
  Source info: current_metadata


Lint-[UI] Unused input
/afs/ece.cmu.edu/usr/daniello/Private/riscv-metaflow-lightning/rtl/mem/cache3.sv, 517
  Following is an unused input.
  Source info: update_index


Lint-[UI] Unused input
/afs/ece.cmu.edu/usr/daniello/Private/riscv-metaflow-lightning/rtl/mem/cache3.sv, 522
  Following is an unused input.
  Source info: current_metadata


Lint-[UI] Unused input
/afs/ece.cmu.edu/usr/daniello/Private/riscv-metaflow-lightning/rtl/mem/cache3.sv, 582
  Following is an unused input.
  Source info: current_metadata



Note-[VCS_PARAL] Parallel code-gen enabled
  VCS is running with parallel code generation(-j)...

31 modules and 0 UDP read.
make[1]: Entering directory '/afs/ece.cmu.edu/usr/daniello/Private/riscv-metaflow-lightning/output-ltg-fix/vcs/csrc'
make[1]: Leaving directory '/afs/ece.cmu.edu/usr/daniello/Private/riscv-metaflow-lightning/output-ltg-fix/vcs/csrc'
make[1]: Entering directory '/afs/ece.cmu.edu/usr/daniello/Private/riscv-metaflow-lightning/output-ltg-fix/vcs/csrc'
../sim up to date
make[1]: Leaving directory '/afs/ece.cmu.edu/usr/daniello/Private/riscv-metaflow-lightning/output-ltg-fix/vcs/csrc'
