Chronologic VCS simulator copyright 1991-2022
Contains Synopsys proprietary information.
Compiler version T-2022.06_Full64; Runtime version T-2022.06_Full64;  Aug 15 19:20 2026
IFETCH-BOUNDS [lightning]: text  [0x00400000, 0x004000c4)  196 bytes
IFETCH-BOUNDS [lightning]: ktext [0x80000000, 0x80000000)  0 bytes
"/afs/ece.cmu.edu/usr/daniello/Private/riscv-metaflow-lightning/rtl/mem/cache_controller2.sv", 180: top.RISCV_Core_interface.tony_d.unnamed$$_0: started at 0s failed at 0s
	Offending '(~(core_req_re & core_req_we))'
uh oh we can't be doing that (re & we asserted same cycle)

IFETCH-OOB [lightning]: cycle 1: I$ read asserted with an unknown address (0xxxxxxxxx).

Warning-[RT-NCMUCS] No condition matches in statement
/afs/ece.cmu.edu/usr/daniello/Private/riscv-metaflow-lightning/rtl/mem/cache3.sv, 240
  No condition matches in 'unique case' statement. 'default' specification is 
  missing, inside top.RISCV_Core_interface.tony_d.craching_out.fsm_logic, at 
  time 0s.


Warning-[RT-NCMUCS] No condition matches in statement
/afs/ece.cmu.edu/usr/daniello/Private/riscv-metaflow-lightning/rtl/mem/cache3.sv, 240
  No condition matches in 'unique case' statement. 'default' specification is 
  missing, inside top.RISCV_Core_interface.tony.craching_out.fsm_logic, at 
  time 0s.


Warning-[RT-NCMUCS] No condition matches in statement
/afs/ece.cmu.edu/usr/daniello/Private/riscv-metaflow-lightning/rtl/mem/cache3.sv, 240
  No condition matches in 'unique case' statement. 'default' specification is 
  missing, inside top.RISCV_Core_interface.tony_d.craching_out.fsm_logic, at 
  time 0s.


Warning-[RT-NCMUCS] No condition matches in statement
/afs/ece.cmu.edu/usr/daniello/Private/riscv-metaflow-lightning/rtl/mem/cache3.sv, 240
  No condition matches in 'unique case' statement. 'default' specification is 
  missing, inside top.RISCV_Core_interface.tony.craching_out.fsm_logic, at 
  time 0s.


Warning-[RT-NCMUCS] No condition matches in statement
/afs/ece.cmu.edu/usr/daniello/Private/riscv-metaflow-lightning/rtl/mem/cache3.sv, 240
  No condition matches in 'unique case' statement. 'default' specification is 
  missing, inside top.RISCV_Core_interface.tony_d.craching_out.fsm_logic, at 
  time 0s.


Warning-[RT-NCMUCS] No condition matches in statement
/afs/ece.cmu.edu/usr/daniello/Private/riscv-metaflow-lightning/rtl/mem/cache3.sv, 240
  No condition matches in 'unique case' statement. 'default' specification is 
  missing, inside top.RISCV_Core_interface.tony.craching_out.fsm_logic, at 
  time 0s.


Warning-[RT-NCMUCS] No condition matches in statement
/afs/ece.cmu.edu/usr/daniello/Private/riscv-metaflow-lightning/rtl/mem/cache3.sv, 240
  No condition matches in 'unique case' statement. 'default' specification is 
  missing, inside top.RISCV_Core_interface.tony_d.craching_out.fsm_logic, at 
  time 0s.


Warning-[RT-NCMUCS] No condition matches in statement
/afs/ece.cmu.edu/usr/daniello/Private/riscv-metaflow-lightning/rtl/mem/cache3.sv, 240
  No condition matches in 'unique case' statement. 'default' specification is 
  missing, inside cache_controller_ref.craching_out.fsm_logic, at time 0s.


Warning-[RT-NCMUCS] No condition matches in statement
/afs/ece.cmu.edu/usr/daniello/Private/riscv-metaflow-lightning/rtl/mem/cache3.sv, 240
  No condition matches in 'unique case' statement. 'default' specification is 
  missing, inside top.RISCV_Core_interface.tony.craching_out.fsm_logic, at 
  time 0s.


Warning-[RT-NCMUCS] No condition matches in statement
/afs/ece.cmu.edu/usr/daniello/Private/riscv-metaflow-lightning/rtl/mem/cache3.sv, 240
  No condition matches in 'unique case' statement. 'default' specification is 
  missing, inside top.RISCV_Core_interface.tony_d.craching_out.fsm_logic, at 
  time 0s.


Warning-[RT-NCMUCS] No condition matches in statement
/afs/ece.cmu.edu/usr/daniello/Private/riscv-metaflow-lightning/rtl/mem/cache3.sv, 240
  No condition matches in 'unique case' statement. 'default' specification is 
  missing, inside cache_controller_ref.craching_out.fsm_logic, at time 0s.

IFETCH-OOB [lightning]: cycle 22427: fetch of 0x004000d0 is outside the program (text [0x00400000, 0x004000c4), ktext [0x80000000, 0x80000000)).
IFETCH-OOB [lightning]: cycle 22428: fetch of 0x004000d0 is outside the program (text [0x00400000, 0x004000c4), ktext [0x80000000, 0x80000000)).
IFETCH-OOB [lightning]: cycle 22429: fetch of 0x004000d0 is outside the program (text [0x00400000, 0x004000c4), ktext [0x80000000, 0x80000000)).
IFETCH-OOB [lightning]: cycle 22430: fetch of 0x004000d0 is outside the program (text [0x00400000, 0x004000c4), ktext [0x80000000, 0x80000000)).
IFETCH-OOB [lightning]: cycle 22431: fetch of 0x004000d0 is outside the program (text [0x00400000, 0x004000c4), ktext [0x80000000, 0x80000000)).
IFETCH-OOB [lightning]: cycle 22432: fetch of 0x004000d0 is outside the program (text [0x00400000, 0x004000c4), ktext [0x80000000, 0x80000000)).
IFETCH-OOB [lightning]: cycle 22433: fetch of 0x004000d0 is outside the program (text [0x00400000, 0x004000c4), ktext [0x80000000, 0x80000000)).
IFETCH-OOB [lightning]: cycle 22434: fetch of 0x004000d0 is outside the program (text [0x00400000, 0x004000c4), ktext [0x80000000, 0x80000000)).
IFETCH-OOB [lightning]: cycle 22435: fetch of 0x004000d0 is outside the program (text [0x00400000, 0x004000c4), ktext [0x80000000, 0x80000000)).
		 PERFORMANCE METRICS (Lightning OoO):
	 total cycles:              22441
	 instructions retired:      22507
	 instructions fetched:      28331
	 fetch groups accepted:     10597
	 IPC:                       1.003
	 CPI:                       0.997
	 speculation tax (fetched/retired): 1.259
	 Front end:
	  intake stall cycles:      0
	   DRIS full:               0
	   branch shelf full:       0
	  flush cycles:             793
	  mispredict redirects:     794
	  cycles with no retire:    9737
	 Non-Control Flow Types (at retirement):
	  ALU:    16950
	  Loads:  5
	  Stores: 5
	  Control transfers: 5546
	 Branches (resolved at the shelf):
	  resolved:      5965
	  mispredicted:  821
	   of which squashed by an older flush: 27
	  mispredict rate: 0.138
	 Retires per cycle:
	  avg: 1.003  (max 7/cycle)
	    [0]: 9737
	    [1]: 5785
	    [2]: 5603
	    [3]: 924
	    [4]: 0
	    [5]: 0
	    [6]: 1
	    [7]: 391
	 DRIS utilization (of 32 entries, valid-entry count):
	  avg: 5.597  max: 17  cycles at capacity: 0
	   (intake blocks before this — see "DRIS full" under Front end for the actionable number)
	 Branch shelf utilization (of 8 entries):
	  avg: 1.682  max: 5  cycles full: 0
	 Scheduler utilization:
	  integer slots used/cycle: 1.194 of 4 (29.9%)
	   (includes AGU passes: a load/store occupies an integer slot for its address before its memory pass)
	    [0]: 4669
	    [1]: 10545
	    [2]: 5876
	    [3]: 901
	    [4]: 450
	  memory issues/cycle:      0.000 of 1
	 Cache Counters:
	  I$ evictions: 0 | hits: 21492 | misses: 20
	  D$ evictions: 0 | hits: 8 | misses: 2
	  I$ accesses:  22439 | D$ accesses: 2
	   (accesses = main-memory port arbitration cycles, not cache probes; see hits/misses above)
	  I$/D$ conflicts: 0

18-447 Register File Dump at Cycle 22443 (time 2244200), Mem Accesses: 21
---------------------------------------------

Current CPU State and Register Values:
--------------------------------------
Cycle Count          = 22443
Program Counter (PC) = 0xxxxxxxxx

ISA Name ABI Name   Hex Value  Uint Value   Int Value    
---------------------------------------------------------
x0       (zero)   = 0x00000000 (0)          (0)          
x1       (ra)     = 0x00400004 (4194308)    (4194308)    
x2       (sp)     = 0x0000ae90 (44688)      (44688)      
x3       (gp)     = 0x00000000 (0)          (0)          
x4       (tp)     = 0x00000000 (0)          (0)          
x5       (t0)     = 0x00000000 (0)          (0)          
x6       (t1)     = 0x00000000 (0)          (0)          
x7       (t2)     = 0x00000000 (0)          (0)          
x8       (s0/fp)  = 0x00000000 (0)          (0)          
x9       (s1)     = 0x00000000 (0)          (0)          
x10      (a0)     = 0x0000000a (10)         (10)         
x11      (a1)     = 0x00000000 (0)          (0)          
x12      (a2)     = 0x00000179 (377)        (377)        
x13      (a3)     = 0x00000262 (610)        (610)        
x14      (a4)     = 0x00000010 (16)         (16)         
x15      (a5)     = 0x00000000 (0)          (0)          
x16      (a6)     = 0x00000000 (0)          (0)          
x17      (a7)     = 0x00000000 (0)          (0)          
x18      (s2)     = 0x00000000 (0)          (0)          
x19      (s3)     = 0x00000000 (0)          (0)          
x20      (s4)     = 0x00000000 (0)          (0)          
x21      (s5)     = 0x00000000 (0)          (0)          
x22      (s6)     = 0x00000000 (0)          (0)          
x23      (s7)     = 0x00000000 (0)          (0)          
x24      (s8)     = 0x00000000 (0)          (0)          
x25      (s9)     = 0x00000000 (0)          (0)          
x26      (s10)    = 0x00000000 (0)          (0)          
x27      (s11)    = 0x00000000 (0)          (0)          
x28      (t3)     = 0x00000000 (0)          (0)          
x29      (t4)     = 0x00000000 (0)          (0)          
x30      (t5)     = 0x00000000 (0)          (0)          
x31      (t6)     = 0x00000000 (0)          (0)          
 
$finish called from file "/afs/ece.cmu.edu/usr/daniello/Private/riscv-metaflow-lightning/tb/testbench.sv", line 183.
		 CACHE FILLS (cache_controller_ref):
	  cancel pulses:           0
	  fills started:           0
	  fills completed:         0
	  fills dropped (on data): 0
	  fills abandoned (early): 0
	  lost fills:              0   (dropped + abandoned)
	  miss cycles spent waiting for the bus: 0
		 I-FETCH BOUNDS (lightning):
	 I$ read requests:          22443
	  in-bounds footprint:      0x00400000 .. 0x004000c0
	  out-of-bounds requests:   9  (1 distinct addresses)
	  unknown-address requests: 1
	  per-address record written to ifetch_oob.log
		 I$ SHADOW (lightning):
	 distinct probes:          21513
	  real miss events:        20
	  real miss cycles:        20   (what PERF 'I$ misses' counts)
	  ideal (shadow) misses:   13   (the unavoidable floor)
	  PHANTOM misses:          7   (resident in the model, missed for real)
	  pessimistic:             0   (self-check: must be 0 while nothing is evicted)
	  shadow evictions:        0   (real: 0)
	  cancel pulses:           793
	  misses killed by a cancel: 1   (discarded before a fill was requested)
	  distinct blocks touched: 13   (cache holds 64)
	  worst blocks (block, probes, real misses, phantom):
	   0x004000a0  1288  4  3
	   0x00400020  3723  3  2
	   0x00400090  1317  3  2
	  per-block record written to icache_shadow.log
		 CACHE FILLS (top.RISCV_Core_interface.tony):
	  cancel pulses:           793
	  fills started:           19
	  fills completed:         12
	  fills dropped (on data): 1
	  fills abandoned (early): 6
	  lost fills:              7   (dropped + abandoned)
	  miss cycles spent waiting for the bus: 0
		 CACHE FILLS (top.RISCV_Core_interface.tony_d):
	  cancel pulses:           0
	  fills started:           2
	  fills completed:         2
	  fills dropped (on data): 0
	  fills abandoned (early): 0
	  lost fills:              0   (dropped + abandoned)
	  miss cycles spent waiting for the bus: 0
$finish at simulation time              2244200
           V C S   S i m u l a t i o n   R e p o r t 
Time: 2244200
CPU Time:      0.600 seconds;       Data structure size:  10.2Mb
Sat Aug 15 19:20:43 2026
